// Jest Snapshot v1, https://goo.gl/fbAQLP

exports[`songs-list renders 1`] = `
.c0 {
  color: blue;
}

<div>
  <button
    class="c0"
  />
</div>
`;
